---
source: crates/pyxray-render/tests/snapshots.rs
expression: text
---
┌                                                                                                  ┐
  pyxray  sketchy.py                             21 lines · 16 statements · depth 2 · cyclomatic 2
  reads the environment → makes 2 network calls → DELETES /tmp/stage → evaluates code at runtime …
└ risk ██████████████████  100  read it first                                    ·▸× ≈»§ ‡ ···· ¶· ┘
┌ C A P A B I L I T I E S                                                                          ┐
└                                                                                                  ┘
┌ T E X T U R E                                                                                    ┐
  ▂▂▂▂▂▂▂▂▂▂···▂▂▂▂▂▂▂▂▂▂····▂▂▂▂▂▂▂▂▂▂····▂▂▂▂▂▂▂▂▂▂▂▂▂▂····▂▂▂▂▂▄▄▄▄██████▄▄▄▄····▂▂▂▂▂▂▂▂▂▂▂▂▂▂
└                                                                                                  ┘
┌ W H A T   I T   D O E S                                                                          ┐
     4 ! § getenv   API_TOKEN                                ! reads a secret from the environment
     7 ! × rmtree   /tmp/stage                    ! recursively deletes a directory; ignore_error…
     8   ▸ mkdir    /tmp/stage
    10 ! ≈ GET      https://example.invalid/paylo…! verify=False — TLS certificates are not check…
    12 ! ‡ unpickle pickle.loads                                  ! unpickling runs arbitrary code
    15 · ▸ truncate f"{STAGING}/{name}.sh"
    16 · ▸ write    open(f"{STAGING}/{name}.sh", "w")
    17 ! » run      f"bash {STAGING}/{name}.sh"   ! runs an external command; shell=True — the ar…
    19 ! ≈ POST     https://example.invalid/report                   ! sends data to a remote host
    19   § probe    os.uname
    20 ! » run      ["rm", "-rf", STAGING]            ! runs an external command; recursive delete
└                                                                                                  ┘
