---
source: crates/pyxray-core/tests/snapshots.rs
expression: report
---
{
  "schema": 1,
  "meta": {
    "name": "analysis.py",
    "bytes": 1503,
    "parsed": true,
    "synopsis": "reads 2 files → computes with pandas → writes 3 files",
    "headline": [
      "reads 2 files",
      "computes with pandas",
      "writes 3 files"
    ]
  },
  "spine": {
    "id": 0,
    "kind": "module",
    "label": "analysis.py",
    "detail": null,
    "line": 1,
    "end_line": 59,
    "depth": 0,
    "own_effects": 0,
    "effects": 2211,
    "severity": "notable",
    "weight": 45,
    "children": [
      {
        "id": 1,
        "kind": "expr",
        "label": "\"\"\"docstring\"\"\"",
        "detail": "Summarise per-residue RMSF across a set of trajectory CSVs.",
        "line": 2,
        "end_line": 2,
        "depth": 0,
        "own_effects": 0,
        "effects": 0,
        "severity": null,
        "weight": 1,
        "children": []
      },
      {
        "id": 2,
        "kind": "import",
        "label": "import json",
        "detail": null,
        "line": 3,
        "end_line": 3,
        "depth": 0,
        "own_effects": 0,
        "effects": 0,
        "severity": null,
        "weight": 1,
        "children": []
      },
      {
        "id": 3,
        "kind": "import",
        "label": "import os",
        "detail": null,
        "line": 4,
        "end_line": 4,
        "depth": 0,
        "own_effects": 0,
        "effects": 0,
        "severity": null,
        "weight": 1,
        "children": []
      },
      {
        "id": 4,
        "kind": "import",
        "label": "from pathlib import Path",
        "detail": null,
        "line": 5,
        "end_line": 5,
        "depth": 0,
        "own_effects": 0,
        "effects": 0,
        "severity": null,
        "weight": 1,
        "children": []
      },
      {
        "id": 5,
        "kind": "import",
        "label": "import numpy as np",
        "detail": null,
        "line": 7,
        "end_line": 7,
        "depth": 0,
        "own_effects": 0,
        "effects": 0,
        "severity": null,
        "weight": 1,
        "children": []
      },
      {
        "id": 6,
        "kind": "import",
        "label": "import pandas as pd",
        "detail": null,
        "line": 8,
        "end_line": 8,
        "depth": 0,
        "own_effects": 0,
        "effects": 0,
        "severity": null,
        "weight": 1,
        "children": []
      },
      {
        "id": 7,
        "kind": "assign",
        "label": "DATA = Path(os.environ.get(\"RMSF_DIR\", \"data/rmsf\"))",
        "detail": null,
        "line": 10,
        "end_line": 10,
        "depth": 0,
        "own_effects": 32,
        "effects": 32,
        "severity": "info",
        "weight": 1,
        "children": []
      },
      {
        "id": 8,
        "kind": "assign",
        "label": "CUTOFF = 2.5",
        "detail": null,
        "line": 11,
        "end_line": 11,
        "depth": 0,
        "own_effects": 0,
        "effects": 0,
        "severity": null,
        "weight": 1,
        "children": []
      },
      {
        "id": 9,
        "kind": "def",
        "label": "def load_run(path)",
        "detail": "→ pd.DataFrame",
        "line": 14,
        "end_line": 19,
        "depth": 0,
        "own_effects": 0,
        "effects": 1,
        "severity": "info",
        "weight": 6,
        "children": [
          {
            "id": 10,
            "kind": "expr",
            "label": "\"\"\"docstring\"\"\"",
            "detail": "Read one run and drop the equilibration window.",
            "line": 15,
            "end_line": 15,
            "depth": 1,
            "own_effects": 0,
            "effects": 0,
            "severity": null,
            "weight": 1,
            "children": []
          },
          {
            "id": 11,
            "kind": "assign",
            "label": "df = pd.read_csv(path)",
            "detail": null,
            "line": 16,
            "end_line": 16,
            "depth": 1,
            "own_effects": 1,
            "effects": 1,
            "severity": "info",
            "weight": 1,
            "children": []
          },
          {
            "id": 12,
            "kind": "assign",
            "label": "df = df[df[\"time_ns\"] > 10.0]",
            "detail": null,
            "line": 17,
            "end_line": 17,
            "depth": 1,
            "own_effects": 0,
            "effects": 0,
            "severity": null,
            "weight": 1,
            "children": []
          },
          {
            "id": 13,
            "kind": "assign",
            "label": "df[\"run\"] = path.stem",
            "detail": null,
            "line": 18,
            "end_line": 18,
            "depth": 1,
            "own_effects": 0,
            "effects": 0,
            "severity": null,
            "weight": 1,
            "children": []
          },
          {
            "id": 14,
            "kind": "return",
            "label": "return df",
            "detail": null,
            "line": 19,
            "end_line": 19,
            "depth": 1,
            "own_effects": 0,
            "effects": 0,
            "severity": null,
            "weight": 1,
            "children": []
          }
        ]
      },
      {
        "id": 15,
        "kind": "def",
        "label": "def summarise(frames)",
        "detail": null,
        "line": 22,
        "end_line": 26,
        "depth": 0,
        "own_effects": 0,
        "effects": 2048,
        "severity": "info",
        "weight": 5,
        "children": [
          {
            "id": 16,
            "kind": "assign",
            "label": "merged = pd.concat(frames, ignore_index=True)",
            "detail": null,
            "line": 23,
            "end_line": 23,
            "depth": 1,
            "own_effects": 2048,
            "effects": 2048,
            "severity": "info",
            "weight": 1,
            "children": []
          },
          {
            "id": 17,
            "kind": "assign",
            "label": "stats = merged.groupby(…)[…].agg([\"mean\", \"std\", \"count\"])",
            "detail": null,
            "line": 24,
            "end_line": 24,
            "depth": 1,
            "own_effects": 0,
            "effects": 0,
            "severity": null,
            "weight": 1,
            "children": []
          },
          {
            "id": 18,
            "kind": "assign",
            "label": "stats[\"flexible\"] = stats[\"mean\"] > CUTOFF",
            "detail": null,
            "line": 25,
            "end_line": 25,
            "depth": 1,
            "own_effects": 0,
            "effects": 0,
            "severity": null,
            "weight": 1,
            "children": []
          },
          {
            "id": 19,
            "kind": "return",
            "label": "return stats",
            "detail": null,
            "line": 26,
            "end_line": 26,
            "depth": 1,
            "own_effects": 0,
            "effects": 0,
            "severity": null,
            "weight": 1,
            "children": []
          }
        ]
      },
      {
        "id": 20,
        "kind": "def",
        "label": "def main()",
        "detail": null,
        "line": 29,
        "end_line": 55,
        "depth": 0,
        "own_effects": 0,
        "effects": 2179,
        "severity": "notable",
        "weight": 23,
        "children": [
          {
            "id": 21,
            "kind": "assign",
            "label": "runs = sorted(DATA.glob(\"*.csv\"))",
            "detail": null,
            "line": 30,
            "end_line": 30,
            "depth": 1,
            "own_effects": 1,
            "effects": 1,
            "severity": "info",
            "weight": 1,
            "children": []
          },
          {
            "id": 22,
            "kind": "branch",
            "label": "if not runs",
            "detail": null,
            "line": 31,
            "end_line": 32,
            "depth": 1,
            "own_effects": 0,
            "effects": 0,
            "severity": null,
            "weight": 2,
            "children": [
              {
                "id": 23,
                "kind": "raise",
                "label": "raise SystemExit(f\"no CSVs under {DATA}\")",
                "detail": null,
                "line": 32,
                "end_line": 32,
                "depth": 2,
                "own_effects": 0,
                "effects": 0,
                "severity": null,
                "weight": 1,
                "children": []
              }
            ]
          },
          {
            "id": 24,
            "kind": "assign",
            "label": "frames = []",
            "detail": null,
            "line": 34,
            "end_line": 34,
            "depth": 1,
            "own_effects": 0,
            "effects": 0,
            "severity": null,
            "weight": 1,
            "children": []
          },
          {
            "id": 25,
            "kind": "assign",
            "label": "total_rows = 0",
            "detail": null,
            "line": 35,
            "end_line": 35,
            "depth": 1,
            "own_effects": 0,
            "effects": 0,
            "severity": null,
            "weight": 1,
            "children": []
          },
          {
            "id": 26,
            "kind": "loop",
            "label": "for path in runs",
            "detail": null,
            "line": 36,
            "end_line": 43,
            "depth": 1,
            "own_effects": 0,
            "effects": 128,
            "severity": "info",
            "weight": 8,
            "children": [
              {
                "id": 27,
                "kind": "try",
                "label": "try",
                "detail": null,
                "line": 37,
                "end_line": 41,
                "depth": 2,
                "own_effects": 0,
                "effects": 128,
                "severity": "info",
                "weight": 5,
                "children": [
                  {
                    "id": 28,
                    "kind": "assign",
                    "label": "frame = load_run(path)",
                    "detail": null,
                    "line": 38,
                    "end_line": 38,
                    "depth": 3,
                    "own_effects": 0,
                    "effects": 0,
                    "severity": null,
                    "weight": 1,
                    "children": []
                  },
                  {
                    "id": 29,
                    "kind": "handler",
                    "label": "except ValueError as exc",
                    "detail": null,
                    "line": 39,
                    "end_line": 41,
                    "depth": 3,
                    "own_effects": 0,
                    "effects": 128,
                    "severity": "info",
                    "weight": 3,
                    "children": [
                      {
                        "id": 30,
                        "kind": "call",
                        "label": "print(f\"skipping {path.name}: {exc}\")",
                        "detail": null,
                        "line": 40,
                        "end_line": 40,
                        "depth": 4,
                        "own_effects": 128,
                        "effects": 128,
                        "severity": "info",
                        "weight": 1,
                        "children": []
                      },
                      {
                        "id": 31,
                        "kind": "jump",
                        "label": "continue",
                        "detail": null,
                        "line": 41,
                        "end_line": 41,
                        "depth": 4,
                        "own_effects": 0,
                        "effects": 0,
                        "severity": null,
                        "weight": 1,
                        "children": []
                      }
                    ]
                  }
                ]
              },
              {
                "id": 32,
                "kind": "assign",
                "label": "total_rows += len(frame)",
                "detail": null,
                "line": 42,
                "end_line": 42,
                "depth": 2,
                "own_effects": 0,
                "effects": 0,
                "severity": null,
                "weight": 1,
                "children": []
              },
              {
                "id": 33,
                "kind": "call",
                "label": "frames.append(frame)",
                "detail": null,
                "line": 43,
                "end_line": 43,
                "depth": 2,
                "own_effects": 0,
                "effects": 0,
                "severity": null,
                "weight": 1,
                "children": []
              }
            ]
          },
          {
            "id": 34,
            "kind": "assign",
            "label": "stats = summarise(frames)",
            "detail": null,
            "line": 45,
            "end_line": 45,
            "depth": 1,
            "own_effects": 0,
            "effects": 0,
            "severity": null,
            "weight": 1,
            "children": []
          },
          {
            "id": 35,
            "kind": "assign",
            "label": "flexible = stats[stats[\"flexible\"]]",
            "detail": null,
            "line": 46,
            "end_line": 46,
            "depth": 1,
            "own_effects": 0,
            "effects": 0,
            "severity": null,
            "weight": 1,
            "children": []
          },
          {
            "id": 36,
            "kind": "assign",
            "label": "out = Path(\"results\")",
            "detail": null,
            "line": 48,
            "end_line": 48,
            "depth": 1,
            "own_effects": 0,
            "effects": 0,
            "severity": null,
            "weight": 1,
            "children": []
          },
          {
            "id": 37,
            "kind": "call",
            "label": "out.mkdir(exist_ok=True)",
            "detail": null,
            "line": 49,
            "end_line": 49,
            "depth": 1,
            "own_effects": 2,
            "effects": 2,
            "severity": "info",
            "weight": 1,
            "children": []
          },
          {
            "id": 38,
            "kind": "call",
            "label": "stats.to_csv(out / \"rmsf_summary.csv\")",
            "detail": null,
            "line": 50,
            "end_line": 50,
            "depth": 1,
            "own_effects": 2,
            "effects": 2,
            "severity": "notable",
            "weight": 1,
            "children": []
          },
          {
            "id": 39,
            "kind": "call",
            "label": "out / \"flexible.json\".write…(json.dumps(sorted(flexib…))",
            "detail": null,
            "line": 51,
            "end_line": 51,
            "depth": 1,
            "own_effects": 2,
            "effects": 2,
            "severity": "notable",
            "weight": 1,
            "children": []
          },
          {
            "id": 40,
            "kind": "call",
            "label": "print(f\"{len(runs)} runs, {total_rows} rows\")",
            "detail": null,
            "line": 53,
            "end_line": 53,
            "depth": 1,
            "own_effects": 128,
            "effects": 128,
            "severity": "info",
            "weight": 1,
            "children": []
          },
          {
            "id": 41,
            "kind": "call",
            "label": "print(f\"{len(flexible)} residues above {CUTOFF} A\")",
            "detail": null,
            "line": 54,
            "end_line": 54,
            "depth": 1,
            "own_effects": 128,
            "effects": 128,
            "severity": "info",
            "weight": 1,
            "children": []
          },
          {
            "id": 42,
            "kind": "call",
            "label": "print(np.round(stats[\"mean\"].describe(), 3))",
            "detail": null,
            "line": 55,
            "end_line": 55,
            "depth": 1,
            "own_effects": 2176,
            "effects": 2176,
            "severity": "info",
            "weight": 1,
            "children": []
          }
        ]
      },
      {
        "id": 43,
        "kind": "branch",
        "label": "if __name__ == \"__main__\"",
        "detail": null,
        "line": 58,
        "end_line": 59,
        "depth": 0,
        "own_effects": 0,
        "effects": 0,
        "severity": null,
        "weight": 2,
        "children": [
          {
            "id": 44,
            "kind": "call",
            "label": "main()",
            "detail": null,
            "line": 59,
            "end_line": 59,
            "depth": 1,
            "own_effects": 0,
            "effects": 0,
            "severity": null,
            "weight": 1,
            "children": []
          }
        ]
      }
    ]
  },
  "imports": [
    {
      "module": "json",
      "names": [],
      "alias": null,
      "line": 3,
      "third_party": false,
      "deferred": false
    },
    {
      "module": "os",
      "names": [],
      "alias": null,
      "line": 4,
      "third_party": false,
      "deferred": false
    },
    {
      "module": "pathlib",
      "names": [
        "Path"
      ],
      "alias": null,
      "line": 5,
      "third_party": false,
      "deferred": false
    },
    {
      "module": "numpy",
      "names": [],
      "alias": "np",
      "line": 7,
      "third_party": true,
      "deferred": false
    },
    {
      "module": "pandas",
      "names": [],
      "alias": "pd",
      "line": 8,
      "third_party": true,
      "deferred": false
    }
  ],
  "effects": [
    {
      "effect": "env",
      "severity": "info",
      "verb": "getenv",
      "symbol": "os.environ.get",
      "target": "RMSF_DIR",
      "line": 10,
      "col": 13,
      "snippet": "os.environ.get(\"RMSF_DIR\", \"data/rmsf\")",
      "note": null
    },
    {
      "effect": "fs_read",
      "severity": "info",
      "verb": "read",
      "symbol": "pandas.read_csv",
      "target": "path",
      "line": 16,
      "col": 10,
      "snippet": "pd.read_csv(path)",
      "note": null
    },
    {
      "effect": "compute",
      "severity": "info",
      "verb": "compute",
      "symbol": "pandas.concat",
      "target": "pandas",
      "line": 23,
      "col": 14,
      "snippet": "pd.concat(frames, ignore_index=True)",
      "note": null
    },
    {
      "effect": "fs_read",
      "severity": "info",
      "verb": "glob",
      "symbol": "<path>.glob",
      "target": "*.csv",
      "line": 30,
      "col": 19,
      "snippet": "DATA.glob(\"*.csv\")",
      "note": null
    },
    {
      "effect": "stdout",
      "severity": "info",
      "verb": "print",
      "symbol": "print",
      "target": "f\"skipping {path.name}: {exc}\"",
      "line": 40,
      "col": 13,
      "snippet": "print(f\"skipping {path.name}: {exc}\")",
      "note": null
    },
    {
      "effect": "fs_write",
      "severity": "info",
      "verb": "mkdir",
      "symbol": "<path>.mkdir",
      "target": "Path(\"results\")",
      "line": 49,
      "col": 5,
      "snippet": "out.mkdir(exist_ok=True)",
      "note": null
    },
    {
      "effect": "fs_write",
      "severity": "notable",
      "verb": "write",
      "symbol": "stats.to_csv",
      "target": "out / \"rmsf_summary.csv\"",
      "line": 50,
      "col": 5,
      "snippet": "stats.to_csv(out / \"rmsf_summary.csv\")",
      "note": null
    },
    {
      "effect": "fs_write",
      "severity": "notable",
      "verb": "write",
      "symbol": "<path>.write_text",
      "target": "out / \"flexible.json\"",
      "line": 51,
      "col": 5,
      "snippet": "(out / \"flexible.json\").write_text(json.dumps(sorted…",
      "note": null
    },
    {
      "effect": "stdout",
      "severity": "info",
      "verb": "print",
      "symbol": "print",
      "target": "f\"{len(runs)} runs, {total_rows} rows\"",
      "line": 53,
      "col": 5,
      "snippet": "print(f\"{len(runs)} runs, {total_rows} rows\")",
      "note": null
    },
    {
      "effect": "stdout",
      "severity": "info",
      "verb": "print",
      "symbol": "print",
      "target": "f\"{len(flexible)} residues above {CUTOFF} A\"",
      "line": 54,
      "col": 5,
      "snippet": "print(f\"{len(flexible)} residues above {CUTOFF} A\")",
      "note": null
    },
    {
      "effect": "stdout",
      "severity": "info",
      "verb": "print",
      "symbol": "print",
      "target": "np.round(stats[\"mean\"].describe(), 3)",
      "line": 55,
      "col": 5,
      "snippet": "print(np.round(stats[\"mean\"].describe(), 3))",
      "note": null
    },
    {
      "effect": "compute",
      "severity": "info",
      "verb": "compute",
      "symbol": "numpy.round",
      "target": "numpy",
      "line": 55,
      "col": 11,
      "snippet": "np.round(stats[\"mean\"].describe(), 3)",
      "note": null
    }
  ],
  "symbols": [
    {
      "canonical": "print",
      "display": "print",
      "group": "<builtins>",
      "origin": "builtin",
      "count": 4,
      "lines": [
        40,
        53,
        54,
        55
      ],
      "effects": 128
    },
    {
      "canonical": "pathlib.Path",
      "display": "Path",
      "group": "pathlib",
      "origin": "import",
      "count": 2,
      "lines": [
        10,
        48
      ],
      "effects": 0
    },
    {
      "canonical": "SystemExit",
      "display": "SystemExit",
      "group": "<builtins>",
      "origin": "builtin",
      "count": 1,
      "lines": [
        32
      ],
      "effects": 0
    },
    {
      "canonical": "json.dumps",
      "display": "json.dumps",
      "group": "json",
      "origin": "import",
      "count": 1,
      "lines": [
        51
      ],
      "effects": 0
    },
    {
      "canonical": "numpy.round",
      "display": "np.round",
      "group": "numpy",
      "origin": "import",
      "count": 1,
      "lines": [
        55
      ],
      "effects": 2048
    },
    {
      "canonical": "os.environ.get",
      "display": "os.environ.get",
      "group": "os.environ",
      "origin": "import",
      "count": 1,
      "lines": [
        10
      ],
      "effects": 32
    },
    {
      "canonical": "pandas.concat",
      "display": "pd.concat",
      "group": "pandas",
      "origin": "import",
      "count": 1,
      "lines": [
        23
      ],
      "effects": 2048
    },
    {
      "canonical": "pandas.read_csv",
      "display": "pd.read_csv",
      "group": "pandas",
      "origin": "import",
      "count": 1,
      "lines": [
        16
      ],
      "effects": 1
    },
    {
      "canonical": "<path>.glob",
      "display": "DATA.glob",
      "group": "path",
      "origin": "method",
      "count": 1,
      "lines": [
        30
      ],
      "effects": 1
    },
    {
      "canonical": "<path>.mkdir",
      "display": "out.mkdir",
      "group": "path",
      "origin": "method",
      "count": 1,
      "lines": [
        49
      ],
      "effects": 2
    },
    {
      "canonical": "<path>.write_text",
      "display": "(out / \"flexible.json\").write_t…",
      "group": "path",
      "origin": "method",
      "count": 1,
      "lines": [
        51
      ],
      "effects": 2
    },
    {
      "canonical": "stats.to_csv",
      "display": "stats.to_csv",
      "group": "stats",
      "origin": "method",
      "count": 1,
      "lines": [
        50
      ],
      "effects": 2
    }
  ],
  "bindings": [
    {
      "name": "DATA",
      "kind": "assign",
      "value": "path",
      "origin": "Path(os.environ.get(\"RMSF_DIR\", …1))",
      "scope": "<module>",
      "line": 10,
      "depth": 0,
      "reads": 2,
      "rebinds": 0,
      "accumulates": false,
      "dead": false
    },
    {
      "name": "CUTOFF",
      "kind": "assign",
      "value": "number",
      "origin": "2.5",
      "scope": "<module>",
      "line": 11,
      "depth": 0,
      "reads": 2,
      "rebinds": 0,
      "accumulates": false,
      "dead": false
    },
    {
      "name": "load_run",
      "kind": "def",
      "value": "callable",
      "origin": "def load_run(path)",
      "scope": "<module>",
      "line": 14,
      "depth": 0,
      "reads": 1,
      "rebinds": 0,
      "accumulates": false,
      "dead": false
    },
    {
      "name": "path",
      "kind": "param",
      "value": "unknown",
      "origin": "path",
      "scope": "load_run",
      "line": 14,
      "depth": 1,
      "reads": 4,
      "rebinds": 1,
      "accumulates": false,
      "dead": false
    },
    {
      "name": "df",
      "kind": "assign",
      "value": "frame",
      "origin": "pd.read_csv(path)",
      "scope": "load_run",
      "line": 16,
      "depth": 1,
      "reads": 4,
      "rebinds": 1,
      "accumulates": false,
      "dead": false
    },
    {
      "name": "frames",
      "kind": "param",
      "value": "seq",
      "origin": "frames",
      "scope": "summarise",
      "line": 22,
      "depth": 1,
      "reads": 3,
      "rebinds": 1,
      "accumulates": false,
      "dead": false
    },
    {
      "name": "summarise",
      "kind": "def",
      "value": "callable",
      "origin": "def summarise(frames)",
      "scope": "<module>",
      "line": 22,
      "depth": 0,
      "reads": 1,
      "rebinds": 0,
      "accumulates": false,
      "dead": false
    },
    {
      "name": "merged",
      "kind": "assign",
      "value": "unknown",
      "origin": "pd.concat(frames, ignore_index=True)",
      "scope": "summarise",
      "line": 23,
      "depth": 1,
      "reads": 1,
      "rebinds": 0,
      "accumulates": false,
      "dead": false
    },
    {
      "name": "stats",
      "kind": "assign",
      "value": "unknown",
      "origin": "merged.groupby(…)[…].agg([3 items])",
      "scope": "summarise",
      "line": 24,
      "depth": 1,
      "reads": 7,
      "rebinds": 1,
      "accumulates": false,
      "dead": false
    },
    {
      "name": "main",
      "kind": "def",
      "value": "callable",
      "origin": "def main()",
      "scope": "<module>",
      "line": 29,
      "depth": 0,
      "reads": 1,
      "rebinds": 0,
      "accumulates": false,
      "dead": false
    },
    {
      "name": "runs",
      "kind": "assign",
      "value": "seq",
      "origin": "sorted(DATA.glob(\"*.csv\"))",
      "scope": "main",
      "line": 30,
      "depth": 1,
      "reads": 3,
      "rebinds": 0,
      "accumulates": false,
      "dead": false
    },
    {
      "name": "total_rows",
      "kind": "assign",
      "value": "number",
      "origin": "0",
      "scope": "main",
      "line": 35,
      "depth": 1,
      "reads": 1,
      "rebinds": 1,
      "accumulates": true,
      "dead": false
    },
    {
      "name": "frame",
      "kind": "assign",
      "value": "unknown",
      "origin": "load_run(path)",
      "scope": "main",
      "line": 38,
      "depth": 1,
      "reads": 2,
      "rebinds": 0,
      "accumulates": false,
      "dead": false
    },
    {
      "name": "exc",
      "kind": "except_var",
      "value": "unknown",
      "origin": "except ValueError as exc",
      "scope": "main",
      "line": 39,
      "depth": 1,
      "reads": 1,
      "rebinds": 0,
      "accumulates": false,
      "dead": false
    },
    {
      "name": "flexible",
      "kind": "assign",
      "value": "unknown",
      "origin": "stats[stats[\"flexible\"]]",
      "scope": "main",
      "line": 46,
      "depth": 1,
      "reads": 2,
      "rebinds": 0,
      "accumulates": false,
      "dead": false
    },
    {
      "name": "out",
      "kind": "assign",
      "value": "path",
      "origin": "Path(\"results\")",
      "scope": "main",
      "line": 48,
      "depth": 1,
      "reads": 3,
      "rebinds": 0,
      "accumulates": false,
      "dead": false
    }
  ],
  "metrics": {
    "lines_total": 59,
    "lines_code": 44,
    "lines_comment": 1,
    "lines_blank": 14,
    "statements": 43,
    "max_depth": 4,
    "complexity": 5,
    "functions": 3,
    "classes": 0,
    "async_defs": 0,
    "calls": 29,
    "imports": 5,
    "loops": 1,
    "branches": 2,
    "handlers": 1,
    "risk": 30
  },
  "texture": [
    {
      "indent": 0,
      "width": 22,
      "blank": false,
      "comment": true,
      "kind": null,
      "effects": 0,
      "severity": null
    },
    {
      "indent": 0,
      "width": 65,
      "blank": false,
      "comment": false,
      "kind": "expr",
      "effects": 0,
      "severity": null
    },
    {
      "indent": 0,
      "width": 11,
      "blank": false,
      "comment": false,
      "kind": "import",
      "effects": 0,
      "severity": null
    },
    {
      "indent": 0,
      "width": 9,
      "blank": false,
      "comment": false,
      "kind": "import",
      "effects": 0,
      "severity": null
    },
    {
      "indent": 0,
      "width": 24,
      "blank": false,
      "comment": false,
      "kind": "import",
      "effects": 0,
      "severity": null
    },
    {
      "indent": 0,
      "width": 0,
      "blank": true,
      "comment": false,
      "kind": null,
      "effects": 0,
      "severity": null
    },
    {
      "indent": 0,
      "width": 18,
      "blank": false,
      "comment": false,
      "kind": "import",
      "effects": 0,
      "severity": null
    },
    {
      "indent": 0,
      "width": 19,
      "blank": false,
      "comment": false,
      "kind": "import",
      "effects": 0,
      "severity": null
    },
    {
      "indent": 0,
      "width": 0,
      "blank": true,
      "comment": false,
      "kind": null,
      "effects": 0,
      "severity": null
    },
    {
      "indent": 0,
      "width": 52,
      "blank": false,
      "comment": false,
      "kind": "assign",
      "effects": 32,
      "severity": "info"
    },
    {
      "indent": 0,
      "width": 12,
      "blank": false,
      "comment": false,
      "kind": "assign",
      "effects": 0,
      "severity": null
    },
    {
      "indent": 0,
      "width": 0,
      "blank": true,
      "comment": false,
      "kind": null,
      "effects": 0,
      "severity": null
    },
    {
      "indent": 0,
      "width": 0,
      "blank": true,
      "comment": false,
      "kind": null,
      "effects": 0,
      "severity": null
    },
    {
      "indent": 0,
      "width": 41,
      "blank": false,
      "comment": false,
      "kind": "def",
      "effects": 0,
      "severity": null
    },
    {
      "indent": 4,
      "width": 53,
      "blank": false,
      "comment": false,
      "kind": "expr",
      "effects": 0,
      "severity": null
    },
    {
      "indent": 4,
      "width": 22,
      "blank": false,
      "comment": false,
      "kind": "assign",
      "effects": 1,
      "severity": "info"
    },
    {
      "indent": 4,
      "width": 29,
      "blank": false,
      "comment": false,
      "kind": "assign",
      "effects": 0,
      "severity": null
    },
    {
      "indent": 4,
      "width": 21,
      "blank": false,
      "comment": false,
      "kind": "assign",
      "effects": 0,
      "severity": null
    },
    {
      "indent": 4,
      "width": 9,
      "blank": false,
      "comment": false,
      "kind": "return",
      "effects": 0,
      "severity": null
    },
    {
      "indent": 0,
      "width": 0,
      "blank": true,
      "comment": false,
      "kind": null,
      "effects": 0,
      "severity": null
    },
    {
      "indent": 0,
      "width": 0,
      "blank": true,
      "comment": false,
      "kind": null,
      "effects": 0,
      "severity": null
    },
    {
      "indent": 0,
      "width": 22,
      "blank": false,
      "comment": false,
      "kind": "def",
      "effects": 0,
      "severity": null
    },
    {
      "indent": 4,
      "width": 45,
      "blank": false,
      "comment": false,
      "kind": "assign",
      "effects": 2048,
      "severity": "info"
    },
    {
      "indent": 4,
      "width": 71,
      "blank": false,
      "comment": false,
      "kind": "assign",
      "effects": 0,
      "severity": null
    },
    {
      "indent": 4,
      "width": 42,
      "blank": false,
      "comment": false,
      "kind": "assign",
      "effects": 0,
      "severity": null
    },
    {
      "indent": 4,
      "width": 12,
      "blank": false,
      "comment": false,
      "kind": "return",
      "effects": 0,
      "severity": null
    },
    {
      "indent": 0,
      "width": 0,
      "blank": true,
      "comment": false,
      "kind": null,
      "effects": 0,
      "severity": null
    },
    {
      "indent": 0,
      "width": 0,
      "blank": true,
      "comment": false,
      "kind": null,
      "effects": 0,
      "severity": null
    },
    {
      "indent": 0,
      "width": 11,
      "blank": false,
      "comment": false,
      "kind": "def",
      "effects": 0,
      "severity": null
    },
    {
      "indent": 4,
      "width": 33,
      "blank": false,
      "comment": false,
      "kind": "assign",
      "effects": 1,
      "severity": "info"
    },
    {
      "indent": 4,
      "width": 12,
      "blank": false,
      "comment": false,
      "kind": "branch",
      "effects": 0,
      "severity": null
    },
    {
      "indent": 8,
      "width": 41,
      "blank": false,
      "comment": false,
      "kind": "raise",
      "effects": 0,
      "severity": null
    },
    {
      "indent": 0,
      "width": 0,
      "blank": true,
      "comment": false,
      "kind": null,
      "effects": 0,
      "severity": null
    },
    {
      "indent": 4,
      "width": 11,
      "blank": false,
      "comment": false,
      "kind": "assign",
      "effects": 0,
      "severity": null
    },
    {
      "indent": 4,
      "width": 14,
      "blank": false,
      "comment": false,
      "kind": "assign",
      "effects": 0,
      "severity": null
    },
    {
      "indent": 4,
      "width": 17,
      "blank": false,
      "comment": false,
      "kind": "loop",
      "effects": 0,
      "severity": null
    },
    {
      "indent": 8,
      "width": 4,
      "blank": false,
      "comment": false,
      "kind": "try",
      "effects": 0,
      "severity": null
    },
    {
      "indent": 12,
      "width": 22,
      "blank": false,
      "comment": false,
      "kind": "assign",
      "effects": 0,
      "severity": null
    },
    {
      "indent": 8,
      "width": 25,
      "blank": false,
      "comment": false,
      "kind": "handler",
      "effects": 0,
      "severity": null
    },
    {
      "indent": 12,
      "width": 37,
      "blank": false,
      "comment": false,
      "kind": "call",
      "effects": 128,
      "severity": "info"
    },
    {
      "indent": 12,
      "width": 8,
      "blank": false,
      "comment": false,
      "kind": "jump",
      "effects": 0,
      "severity": null
    },
    {
      "indent": 8,
      "width": 24,
      "blank": false,
      "comment": false,
      "kind": "assign",
      "effects": 0,
      "severity": null
    },
    {
      "indent": 8,
      "width": 20,
      "blank": false,
      "comment": false,
      "kind": "call",
      "effects": 0,
      "severity": null
    },
    {
      "indent": 0,
      "width": 0,
      "blank": true,
      "comment": false,
      "kind": null,
      "effects": 0,
      "severity": null
    },
    {
      "indent": 4,
      "width": 25,
      "blank": false,
      "comment": false,
      "kind": "assign",
      "effects": 0,
      "severity": null
    },
    {
      "indent": 4,
      "width": 35,
      "blank": false,
      "comment": false,
      "kind": "assign",
      "effects": 0,
      "severity": null
    },
    {
      "indent": 0,
      "width": 0,
      "blank": true,
      "comment": false,
      "kind": null,
      "effects": 0,
      "severity": null
    },
    {
      "indent": 4,
      "width": 21,
      "blank": false,
      "comment": false,
      "kind": "assign",
      "effects": 0,
      "severity": null
    },
    {
      "indent": 4,
      "width": 24,
      "blank": false,
      "comment": false,
      "kind": "call",
      "effects": 2,
      "severity": "info"
    },
    {
      "indent": 4,
      "width": 38,
      "blank": false,
      "comment": false,
      "kind": "call",
      "effects": 2,
      "severity": "notable"
    },
    {
      "indent": 4,
      "width": 79,
      "blank": false,
      "comment": false,
      "kind": "call",
      "effects": 2,
      "severity": "notable"
    },
    {
      "indent": 0,
      "width": 0,
      "blank": true,
      "comment": false,
      "kind": null,
      "effects": 0,
      "severity": null
    },
    {
      "indent": 4,
      "width": 45,
      "blank": false,
      "comment": false,
      "kind": "call",
      "effects": 128,
      "severity": "info"
    },
    {
      "indent": 4,
      "width": 51,
      "blank": false,
      "comment": false,
      "kind": "call",
      "effects": 128,
      "severity": "info"
    },
    {
      "indent": 4,
      "width": 44,
      "blank": false,
      "comment": false,
      "kind": "call",
      "effects": 2176,
      "severity": "info"
    },
    {
      "indent": 0,
      "width": 0,
      "blank": true,
      "comment": false,
      "kind": null,
      "effects": 0,
      "severity": null
    },
    {
      "indent": 0,
      "width": 0,
      "blank": true,
      "comment": false,
      "kind": null,
      "effects": 0,
      "severity": null
    },
    {
      "indent": 0,
      "width": 26,
      "blank": false,
      "comment": false,
      "kind": "branch",
      "effects": 0,
      "severity": null
    },
    {
      "indent": 4,
      "width": 6,
      "blank": false,
      "comment": false,
      "kind": "call",
      "effects": 0,
      "severity": null
    }
  ],
  "diagnostics": [],
  "source": [
    "#!/usr/bin/env python3",
    "\"\"\"Summarise per-residue RMSF across a set of trajectory CSVs.\"\"\"",
    "import json",
    "import os",
    "from pathlib import Path",
    "",
    "import numpy as np",
    "import pandas as pd",
    "",
    "DATA = Path(os.environ.get(\"RMSF_DIR\", \"data/rmsf\"))",
    "CUTOFF = 2.5",
    "",
    "",
    "def load_run(path: Path) -> pd.DataFrame:",
    "    \"\"\"Read one run and drop the equilibration window.\"\"\"",
    "    df = pd.read_csv(path)",
    "    df = df[df[\"time_ns\"] > 10.0]",
    "    df[\"run\"] = path.stem",
    "    return df",
    "",
    "",
    "def summarise(frames):",
    "    merged = pd.concat(frames, ignore_index=True)",
    "    stats = merged.groupby(\"residue\")[\"rmsf\"].agg([\"mean\", \"std\", \"count\"])",
    "    stats[\"flexible\"] = stats[\"mean\"] > CUTOFF",
    "    return stats",
    "",
    "",
    "def main():",
    "    runs = sorted(DATA.glob(\"*.csv\"))",
    "    if not runs:",
    "        raise SystemExit(f\"no CSVs under {DATA}\")",
    "",
    "    frames = []",
    "    total_rows = 0",
    "    for path in runs:",
    "        try:",
    "            frame = load_run(path)",
    "        except ValueError as exc:",
    "            print(f\"skipping {path.name}: {exc}\")",
    "            continue",
    "        total_rows += len(frame)",
    "        frames.append(frame)",
    "",
    "    stats = summarise(frames)",
    "    flexible = stats[stats[\"flexible\"]]",
    "",
    "    out = Path(\"results\")",
    "    out.mkdir(exist_ok=True)",
    "    stats.to_csv(out / \"rmsf_summary.csv\")",
    "    (out / \"flexible.json\").write_text(json.dumps(sorted(flexible.index.tolist())))",
    "",
    "    print(f\"{len(runs)} runs, {total_rows} rows\")",
    "    print(f\"{len(flexible)} residues above {CUTOFF} A\")",
    "    print(np.round(stats[\"mean\"].describe(), 3))",
    "",
    "",
    "if __name__ == \"__main__\":",
    "    main()"
  ]
}
